// Jest Snapshot v1, https://goo.gl/fbAQLP

exports[`NextUpVideo renders 1`] = `<div />`;
